// Jest Snapshot v1, https://goo.gl/fbAQLP

exports[`React component test with Enzyme should render correctly 1`] = `ShallowWrapper {}`;
